--- TASK START: Mon May 25 01:17:18 CST 2026 ---
--- CONFIG FILE: config/MoR_0.7/fedml_config_compare_mor_expert_24g.yaml ---
--- CONFIG CONTENT ---
common_args:
  training_type: "simulation"
  random_seed: 0

data_args:
  dataset: "20news"
  data_file_path: ~/fednlp_data/data_files/20news_data.h5
  partition_file_path: ~/fednlp_data/partition_files/20news_partition.h5
  partition_method: "niid_label_clients=20_alpha=1"
  reprocess_input_data: false

model_args:
  model_type: "mor_llama"
  model_class: "transformer"
  model: "HuggingFaceTB/SmolLM-135M"
  do_lower_case: false
  formulation: "classification"

mor_args:
  mor_enable: true
  mor_type: "expert"
  mor_skip_router_first_round: false
  mor_adaptive_router_weight: false
  mor_router_weight_mode: "absolute"
  mor_router_weight_tau: 1.0
  mor_router_weight_tau_warmup: false
  mor_router_weight_tau_warmup_start: 2.0
  mor_router_weight_tau_warmup_end: 1.0
  mor_router_weight_tau_warmup_rounds: 30
  mor_capacity: "1.0,0.7,0.4"
  mor_rand_router: false
  mor_router_type: "linear"
  mor_z_loss: false
  mor_z_coeff: 0.0001
  mor_temp: 1.0
  mor_loss_coeff: 0.0001
  mor_expert_cap_warmup_step: 0
  mor_expert_router_func: "sigmoid"
  mor_expert_alpha: 0.1
  mor_expert_sampling: "aux_loss"
  mor_expert_include_first: true
  mor_expert_coeff: 0.0001
  mor_expert_gating: "weighted"
  mor_token_router_func: "sigmoid"
  mor_token_alpha: 0.1
  mor_token_balancing: "loss"
  mor_token_coeff: 0.001
  mor_token_u: 0.001
  mor_token_gating: "weighted"
  mor_token_bal_warmup_step: 0

recursive_args:
  recursive_enable: true
  recursive_base_depth: null
  recursive_num_recursion: 3
  recursive_sharing: "middle_cycle"
  recursive_ln_share: false
  recursive_initialization: "average"

kv_sharing_args:
  kv_sharing_enable: false
  kv_sharing_base_depth: null
  kv_sharing_num_recursion: null
  kv_sharing_sharing: null

train_args:
  federated_optimizer: "FedAvg"
  client_id_list: "[]"
  client_num_in_total: 20
  client_num_per_round: 8
  comm_round: 400
  epochs: 2
  batch_size: 135
  eval_batch_size: 16
  max_seq_length: 128
  fp16: true
  output_dir: "./outputs/compare_mor_expert_24g"
  client_optimizer: AdamW
  server_optimizer: sgd
  server_momentum: 0.9
  server_lr: 1
  learning_rate: 0.0001
  weight_decay: 0.001
  gradient_accumulation_steps: 1
  clip_grad_norm: true
  fedprox_mu: 0
  evaluate_during_training: false
  evaluate_during_training_steps: 10
  freeze_layers: ''
  is_debug_mode: false
  momentum: 0.9
  max_grad_norm: 1
  ci: 0

validation_args:
  frequency_of_the_test: 5

device_args:
  worker_num: 1
  using_gpu: true
  gpu_mapping_file: config/20news/gpu_mapping.yaml
  gpu_mapping_key: mapping_0

comm_args:
  backend: "sp"
  is_mobile: 0

tracking_args:
  enable_wandb: false
  wandb_entity: fedml-team
  wandb_only_server: true
  wandb_key: 404bae40078b1624faed523c4e9d25b40590e537
  wandb_project: fednlp_compare_24g
  wandb_name: compare_mor_expert_24g

--- COMMAND OUTPUT ---


libgomp: Invalid value for environment variable OMP_NUM_THREADS
/home/fednlp/text_classification/.venv/lib/python3.10/site-packages/requests/__init__.py:109: RequestsDependencyWarning: urllib3 (2.7.0) or chardet (7.4.3)/charset_normalizer (3.4.7) doesn't match a supported version!
  warnings.warn(
/home/fednlp/text_classification/.venv/lib/python3.10/site-packages/fedml/computing/scheduler/comm_utils/sys_utils.py:17: UserWarning: pkg_resources is deprecated as an API. See https://setuptools.pypa.io/en/latest/pkg_resources.html. The pkg_resources package is slated for removal as early as 2025-11-30. Refrain from using this package or pin to Setuptools<81.
  from pkg_resources import parse_version

libgomp: Invalid value for environment variable OMP_NUM_THREADS
[FedML-Client @device-id-0] [Sun, 24 May 2026 17:17:25.652067899] [INFO] [__init__.py:164:init] args.rank = 0, args.worker_num = 1
[FedML-Client @device-id-0] [Sun, 24 May 2026 17:17:25.757188081] [INFO] [ml_engine_adapter.py:147:get_torch_device] args = <fedml.arguments.Arguments object at 0x7f78c56ab1c0>, using_gpu = True, device_id = 0, device_type = gpu
[FedML-Client @device-id-0] [Sun, 24 May 2026 17:17:25.900279998] [INFO] [device.py:49:get_device] device = cuda:0
[FedML-Client @device-id-0] [Sun, 24 May 2026 17:17:25.900438547] [INFO] [data_loader.py:75:load_synthetic_data] load_data. dataset_name = 20news
[FedML-Client @device-id-0] [Sun, 24 May 2026 17:17:25.901110887] [ERROR] [mlops_runtime_log.py:130:handle_exception] Uncaught exception
Traceback (most recent call last):
  File "/home/fednlp/text_classification/torch_main.py", line 300, in <module>
    dataset, output_dim = load(args)
  File "/home/fednlp/text_classification/data/data_loader.py", line 47, in load
    return load_synthetic_data(args)
  File "/home/fednlp/text_classification/data/data_loader.py", line 76, in load_synthetic_data
    attributes = BaseDataManager.load_attributes(args.data_file_path)
  File "/home/fednlp/text_classification/.venv/lib/python3.10/site-packages/fedml/data/fednlp/base/data_manager/base_data_manager.py", line 47, in load_attributes
    data_file = h5py.File(data_path, "r", swmr=True)
  File "/home/fednlp/text_classification/.venv/lib/python3.10/site-packages/h5py/_hl/files.py", line 555, in __init__
    fid = make_fid(name, mode, userblock_size, fapl, fcpl, swmr=swmr)
  File "/home/fednlp/text_classification/.venv/lib/python3.10/site-packages/h5py/_hl/files.py", line 232, in make_fid
    fid = h5f.open(name, flags, fapl=fapl)
  File "h5py/_objects.pyx", line 54, in h5py._objects.with_phil.wrapper
  File "h5py/_objects.pyx", line 55, in h5py._objects.with_phil.wrapper
  File "h5py/h5f.pyx", line 106, in h5py.h5f.open
FileNotFoundError: [Errno 2] Unable to synchronously open file (unable to open file: name = '/root/fednlp_data/data_files/20news_data.h5', errno = 2, error message = 'No such file or directory', flags = 40, o_flags = 0)

--- TASK END: Mon May 25 01:17:27 CST 2026 ---
--- EXIT CODE: 1 ---
